2026-04-08 14:42:56,068 - INFO - 
============================================================
2026-04-08 14:42:56,068 - INFO - MODO: Descarga por Rango de Fechas
2026-04-08 14:42:56,068 - INFO - ============================================================

2026-04-08 14:43:32,193 - INFO - Rango: 2026-01-01 a 2026-01-10
2026-04-08 14:43:32,193 - INFO - Iniciando extracción de listado...
2026-04-08 14:43:41,136 - INFO - Total de resultados: 953 en 20 páginas
2026-04-08 14:44:52,050 - INFO - Total de códigos extraídos: 953
2026-04-08 14:44:52,052 - INFO - Continuando desde progreso. Faltan 953 códigos
2026-04-08 14:48:51,897 - ERROR - Error en request: 403 Client Error: Forbidden for url: https://api2.mercadopublico.cl/v2/compra-agil/3888-15-COT26
2026-04-08 14:48:54,075 - ERROR - Error en request: 403 Client Error: Forbidden for url: https://api2.mercadopublico.cl/v2/compra-agil/3888-15-COT26
2026-04-08 14:48:58,229 - ERROR - Error en request: 403 Client Error: Forbidden for url: https://api2.mercadopublico.cl/v2/compra-agil/3888-15-COT26
2026-04-08 14:49:06,375 - ERROR - Error en request: 403 Client Error: Forbidden for url: https://api2.mercadopublico.cl/v2/compra-agil/3888-15-COT26
2026-04-08 14:49:22,525 - ERROR - Error en request: 403 Client Error: Forbidden for url: https://api2.mercadopublico.cl/v2/compra-agil/3888-15-COT26
2026-04-08 14:49:22,525 - WARNING - No se pudo obtener detalle de 3888-15-COT26
2026-04-08 14:49:23,182 - ERROR - Error en request: 403 Client Error: Forbidden for url: https://api2.mercadopublico.cl/v2/compra-agil/507428-12-COT26
2026-04-08 14:49:25,333 - ERROR - Error en request: 403 Client Error: Forbidden for url: https://api2.mercadopublico.cl/v2/compra-agil/507428-12-COT26
2026-04-08 14:49:29,483 - ERROR - Error en request: 403 Client Error: Forbidden for url: https://api2.mercadopublico.cl/v2/compra-agil/507428-12-COT26
2026-04-08 14:49:37,667 - ERROR - Error en request: 403 Client Error: Forbidden for url: https://api2.mercadopublico.cl/v2/compra-agil/507428-12-COT26
2026-04-08 14:49:53,817 - ERROR - Error en request: 403 Client Error: Forbidden for url: https://api2.mercadopublico.cl/v2/compra-agil/507428-12-COT26
2026-04-08 14:49:53,818 - WARNING - No se pudo obtener detalle de 507428-12-COT26
2026-04-08 14:49:54,470 - ERROR - Error en request: 403 Client Error: Forbidden for url: https://api2.mercadopublico.cl/v2/compra-agil/2297-6-COT26
2026-04-08 14:49:56,631 - ERROR - Error en request: 403 Client Error: Forbidden for url: https://api2.mercadopublico.cl/v2/compra-agil/2297-6-COT26
2026-04-08 14:50:00,780 - ERROR - Error en request: 403 Client Error: Forbidden for url: https://api2.mercadopublico.cl/v2/compra-agil/2297-6-COT26
2026-04-08 14:50:08,942 - ERROR - Error en request: 403 Client Error: Forbidden for url: https://api2.mercadopublico.cl/v2/compra-agil/2297-6-COT26
2026-04-08 14:52:40,553 - ERROR - Error en request: 403 Client Error: Forbidden for url: https://api2.mercadopublico.cl/v2/compra-agil/4086-2-COT26
2026-04-08 14:52:42,707 - ERROR - Error en request: 403 Client Error: Forbidden for url: https://api2.mercadopublico.cl/v2/compra-agil/4086-2-COT26
2026-04-08 14:52:46,866 - ERROR - Error en request: 403 Client Error: Forbidden for url: https://api2.mercadopublico.cl/v2/compra-agil/4086-2-COT26
2026-04-08 14:52:55,020 - ERROR - Error en request: 403 Client Error: Forbidden for url: https://api2.mercadopublico.cl/v2/compra-agil/4086-2-COT26
2026-04-08 14:54:23,275 - ERROR - Error en request: 403 Client Error: Forbidden for url: https://api2.mercadopublico.cl/v2/compra-agil/5413-1-COT26
2026-04-08 14:54:25,433 - ERROR - Error en request: 403 Client Error: Forbidden for url: https://api2.mercadopublico.cl/v2/compra-agil/5413-1-COT26
2026-04-08 14:54:29,583 - ERROR - Error en request: 403 Client Error: Forbidden for url: https://api2.mercadopublico.cl/v2/compra-agil/5413-1-COT26
2026-04-08 14:54:37,732 - ERROR - Error en request: 403 Client Error: Forbidden for url: https://api2.mercadopublico.cl/v2/compra-agil/5413-1-COT26
2026-04-08 14:54:53,885 - ERROR - Error en request: 403 Client Error: Forbidden for url: https://api2.mercadopublico.cl/v2/compra-agil/5413-1-COT26
2026-04-08 14:54:53,885 - WARNING - No se pudo obtener detalle de 5413-1-COT26
2026-04-08 14:54:54,532 - ERROR - Error en request: 403 Client Error: Forbidden for url: https://api2.mercadopublico.cl/v2/compra-agil/3898-1-COT26
2026-04-08 14:54:56,677 - ERROR - Error en request: 403 Client Error: Forbidden for url: https://api2.mercadopublico.cl/v2/compra-agil/3898-1-COT26
2026-04-08 14:55:29,900 - ERROR - Error en request: 403 Client Error: Forbidden for url: https://api2.mercadopublico.cl/v2/compra-agil/4090-2-COT26
2026-04-08 14:55:32,054 - ERROR - Error en request: 403 Client Error: Forbidden for url: https://api2.mercadopublico.cl/v2/compra-agil/4090-2-COT26
2026-04-08 14:55:36,211 - ERROR - Error en request: 403 Client Error: Forbidden for url: https://api2.mercadopublico.cl/v2/compra-agil/4090-2-COT26
2026-04-08 14:55:44,394 - ERROR - Error en request: 403 Client Error: Forbidden for url: https://api2.mercadopublico.cl/v2/compra-agil/4090-2-COT26
2026-04-08 14:56:00,587 - ERROR - Error en request: 403 Client Error: Forbidden for url: https://api2.mercadopublico.cl/v2/compra-agil/4090-2-COT26
2026-04-08 14:56:00,589 - WARNING - No se pudo obtener detalle de 4090-2-COT26
2026-04-08 14:56:01,261 - ERROR - Error en request: 403 Client Error: Forbidden for url: https://api2.mercadopublico.cl/v2/compra-agil/2324-9-COT26
2026-04-08 14:56:03,437 - ERROR - Error en request: 403 Client Error: Forbidden for url: https://api2.mercadopublico.cl/v2/compra-agil/2324-9-COT26
2026-04-08 14:56:07,999 - ERROR - Error en request: 403 Client Error: Forbidden for url: https://api2.mercadopublico.cl/v2/compra-agil/2324-9-COT26
2026-04-08 14:56:16,161 - ERROR - Error en request: 403 Client Error: Forbidden for url: https://api2.mercadopublico.cl/v2/compra-agil/2324-9-COT26
2026-04-08 15:01:50,119 - ERROR - Error en request: 403 Client Error: Forbidden for url: https://api2.mercadopublico.cl/v2/compra-agil/4091-1-COT26
2026-04-08 15:01:52,281 - ERROR - Error en request: 403 Client Error: Forbidden for url: https://api2.mercadopublico.cl/v2/compra-agil/4091-1-COT26
2026-04-08 15:01:56,457 - ERROR - Error en request: 403 Client Error: Forbidden for url: https://api2.mercadopublico.cl/v2/compra-agil/4091-1-COT26
2026-04-08 15:02:04,637 - ERROR - Error en request: 403 Client Error: Forbidden for url: https://api2.mercadopublico.cl/v2/compra-agil/4091-1-COT26
2026-04-08 15:02:20,790 - ERROR - Error en request: 403 Client Error: Forbidden for url: https://api2.mercadopublico.cl/v2/compra-agil/4091-1-COT26
2026-04-08 15:02:20,791 - WARNING - No se pudo obtener detalle de 4091-1-COT26
2026-04-08 15:02:21,475 - ERROR - Error en request: 403 Client Error: Forbidden for url: https://api2.mercadopublico.cl/v2/compra-agil/1662-25-COT26
2026-04-08 15:02:23,653 - ERROR - Error en request: 403 Client Error: Forbidden for url: https://api2.mercadopublico.cl/v2/compra-agil/1662-25-COT26
2026-04-08 15:02:27,848 - ERROR - Error en request: 403 Client Error: Forbidden for url: https://api2.mercadopublico.cl/v2/compra-agil/1662-25-COT26
2026-04-08 15:03:47,554 - INFO - 

Programa interrumpido por el usuario
